// Jest Snapshot v1, https://goo.gl/fbAQLP

exports[`Home component Should match snapshot 1`] = `
Array [
  <header
    className="MuiPaper-root MuiPaper-elevation MuiPaper-elevation4 MuiAppBar-root MuiAppBar-colorPrimary MuiAppBar-positionFixed mui-fixed css-zphf2y-MuiPaper-root-MuiAppBar-root"
    data-testid="app-bar"
  >
    <div
      className="MuiContainer-root MuiContainer-maxWidthXl css-km5s8k-MuiContainer-root"
      data-testid="container"
    >
      <div
        className="MuiToolbar-root MuiToolbar-regular css-r6ewbb-MuiToolbar-root"
        data-testid="toolbar"
      >
        <svg
          data-testid="fa-car-icon"
          fill="currentColor"
          height="1em"
          stroke="currentColor"
          strokeWidth="0"
          style={
            Object {
              "color": undefined,
              "display": "flex",
              "marginRight": 30,
              "transform": "scale(1.5)",
            }
          }
          viewBox="0 0 512 512"
          width="1em"
          xmlns="http://www.w3.org/2000/svg"
        >
          <path
            d="M499.99 176h-59.87l-16.64-41.6C406.38 91.63 365.57 64 319.5 64h-127c-46.06 0-86.88 27.63-103.99 70.4L71.87 176H12.01C4.2 176-1.53 183.34.37 190.91l6 24C7.7 220.25 12.5 224 18.01 224h20.07C24.65 235.73 16 252.78 16 272v48c0 16.12 6.16 30.67 16 41.93V416c0 17.67 14.33 32 32 32h32c17.67 0 32-14.33 32-32v-32h256v32c0 17.67 14.33 32 32 32h32c17.67 0 32-14.33 32-32v-54.07c9.84-11.25 16-25.8 16-41.93v-48c0-19.22-8.65-36.27-22.07-48H494c5.51 0 10.31-3.75 11.64-9.09l6-24c1.89-7.57-3.84-14.91-11.65-14.91zm-352.06-17.83c7.29-18.22 24.94-30.17 44.57-30.17h127c19.63 0 37.28 11.95 44.57 30.17L384 208H128l19.93-49.83zM96 319.8c-19.2 0-32-12.76-32-31.9S76.8 256 96 256s48 28.71 48 47.85-28.8 15.95-48 15.95zm320 0c-19.2 0-48 3.19-48-15.95S396.8 256 416 256s32 12.76 32 31.9-12.8 31.9-32 31.9z"
          />
        </svg>
        <a
          className="MuiTypography-root MuiTypography-h6 MuiTypography-noWrap css-1kkti6u-MuiTypography-root"
          data-testid="typography"
          href="#"
        >
          Autohaus
        </a>
        <div
          className="MuiBox-root css-1l0r181"
          data-testid="box"
        >
          <button
            className="MuiButtonBase-root MuiButton-root MuiButton-text MuiButton-textPrimary MuiButton-sizeMedium MuiButton-textSizeMedium MuiButton-root MuiButton-text MuiButton-textPrimary MuiButton-sizeMedium MuiButton-textSizeMedium css-zmvk00-MuiButtonBase-root-MuiButton-root"
            data-testid="button"
            disabled={false}
            onBlur={[Function]}
            onClick={[Function]}
            onContextMenu={[Function]}
            onDragLeave={[Function]}
            onFocus={[Function]}
            onKeyDown={[Function]}
            onKeyUp={[Function]}
            onMouseDown={[Function]}
            onMouseLeave={[Function]}
            onMouseUp={[Function]}
            onTouchEnd={[Function]}
            onTouchMove={[Function]}
            onTouchStart={[Function]}
            tabIndex={0}
            type="button"
          >
            Home
          </button>
          <button
            className="MuiButtonBase-root MuiButton-root MuiButton-text MuiButton-textPrimary MuiButton-sizeMedium MuiButton-textSizeMedium MuiButton-root MuiButton-text MuiButton-textPrimary MuiButton-sizeMedium MuiButton-textSizeMedium css-zmvk00-MuiButtonBase-root-MuiButton-root"
            data-testid="button"
            disabled={false}
            onBlur={[Function]}
            onClick={[Function]}
            onContextMenu={[Function]}
            onDragLeave={[Function]}
            onFocus={[Function]}
            onKeyDown={[Function]}
            onKeyUp={[Function]}
            onMouseDown={[Function]}
            onMouseLeave={[Function]}
            onMouseUp={[Function]}
            onTouchEnd={[Function]}
            onTouchMove={[Function]}
            onTouchStart={[Function]}
            tabIndex={0}
            type="button"
          >
            News
          </button>
          <button
            className="MuiButtonBase-root MuiButton-root MuiButton-text MuiButton-textPrimary MuiButton-sizeMedium MuiButton-textSizeMedium MuiButton-root MuiButton-text MuiButton-textPrimary MuiButton-sizeMedium MuiButton-textSizeMedium css-zmvk00-MuiButtonBase-root-MuiButton-root"
            data-testid="button"
            disabled={false}
            onBlur={[Function]}
            onClick={[Function]}
            onContextMenu={[Function]}
            onDragLeave={[Function]}
            onFocus={[Function]}
            onKeyDown={[Function]}
            onKeyUp={[Function]}
            onMouseDown={[Function]}
            onMouseLeave={[Function]}
            onMouseUp={[Function]}
            onTouchEnd={[Function]}
            onTouchMove={[Function]}
            onTouchStart={[Function]}
            tabIndex={0}
            type="button"
          >
            Wishlist
          </button>
        </div>
      </div>
    </div>
  </header>,
  <div
    className="sc-dmyCSP goQLtE"
    data-testid="content-canvas"
    style={
      Object {
        "width": "100%",
      }
    }
  >
    <div
      className="sc-eDLKkx hexZKI"
      data-testid="no-item-container"
      style={
        Object {
          "opacity": 0,
        }
      }
    >
      <img
        alt="Sad Heart"
        data-testid="img-container"
        src="SadHeart.png"
        style={
          Object {
            "marginLeft": "calc((100% - 300px) / 2)",
            "width": 300,
          }
        }
      />
      <h3
        className="MuiTypography-root MuiTypography-h3 MuiTypography-gutterBottom css-1mktp8m-MuiTypography-root"
        data-testid="typography-heading-container"
      >
        You don't have any favourite items!
      </h3>
      <p
        className="MuiTypography-root MuiTypography-body1 css-ix1f03-MuiTypography-root"
        data-testid="typography-paragraph-container"
      >
        You can add an item to favourite by clicking on the heart that shows up when you hover over the picture!
      </p>
    </div>
  </div>,
]
`;
